// Jest Snapshot v1, https://goo.gl/fbAQLP

exports[`merge slate < 0.46 text with mark 1`] = `
"Of course, you can edit your text at any moment and make it **bold**, _italic_ or ~~underlined~~.
"
`;

exports[`render all marks text 1`] = `
"Hello ~~***bold, italic, underlined***~~ hello
"
`;

exports[`render bold text 1`] = `
"Hello **bold** hello
"
`;

exports[`render code text 1`] = `
"Hello \`code\` hello
"
`;

exports[`render italic text 1`] = `
"Hello _italic_ hello
"
`;

exports[`render slate < 0.46 text 1`] = `
"Hello
"
`;

exports[`render text 1`] = `
"Hello
"
`;

exports[`render underlined text 1`] = `
"Hello ~~underlined~~ hello
"
`;
